exports[`Example Badge should mount successfully 1`] = `
"img(src=\'\')
"
`;
